[www.idf.org/type-2-diabetes-risk-assessment/index.html]
[backblue.gif]
[fade.gif]
[index.html]
[www.idf.org/type-2-diabetes-risk-assessment/favicon.ico]
[www.idf.org/type-2-diabetes-risk-assessment/blipire/wp-content/themes/risk-assessment/_/js/prefixfree.min.js]
[www.idf.org/type-2-diabetes-risk-assessment/blipire/wp-content/themes/risk-assessment/_/js/modernizr.min.js]
[www.idf.org/type-2-diabetes-risk-assessment/feed/index.html]
[ajax.googleapis.com/ajax/libs/jquery/1.11.0/jquery.min9d3a.js]
[www.idf.org/type-2-diabetes-risk-assessment/comments/feed/index.html]
[www.idf.org/type-2-diabetes-risk-assessment/wp-json/wp/v2/pages/2.json]
[www.idf.org/type-2-diabetes-risk-assessment/wp-json/index.html]
[www.idf.org/type-2-diabetes-risk-assessment/blipire/xmlrpc0db0.php]
[www.idf.org/type-2-diabetes-risk-assessment/sample-page/feed/index.html]
[www.idf.org/type-2-diabetes-risk-assessment/blipire/wp-includes/wlwmanifest.xml]
[www.idf.org/type-2-diabetes-risk-assessment/wp-json/oembed/1.0/embed3810.json]
[www.idf.org/type-2-diabetes-risk-assessment/wp-json/oembed/1.0/embed7e65]
[www.idf.org/type-2-diabetes-risk-assessment/blipire/wp-content/themes/risk-assessment/_/img/idf_lions_logos.png]
[www.idf.org/type-2-diabetes-risk-assessment/de/index.html]
[www.idf.org/type-2-diabetes-risk-assessment/po/index.html]
[www.idf.org/type-2-diabetes-risk-assessment/ko/index.html]
[www.idf.org/type-2-diabetes-risk-assessment/es/index.html]
[www.idf.org/type-2-diabetes-risk-assessment/su/index.html]
[www.idf.org/type-2-diabetes-risk-assessment/cs/index.html]
[www.idf.org/type-2-diabetes-risk-assessment/fr/index.html]
[www.idf.org/type-2-diabetes-risk-assessment/sv/index.html]
[www.idf.org/type-2-diabetes-risk-assessment/ct/index.html]
[www.idf.org/type-2-diabetes-risk-assessment/it/index.html]
[www.idf.org/type-2-diabetes-risk-assessment/jp/index.html]
[www.idf.org/type-2-diabetes-risk-assessment/blipire/wp-content/themes/risk-assessment/_/img/icon_facebook.png]
[www.idf.org/type-2-diabetes-risk-assessment/blipire/wp-content/themes/risk-assessment/_/img/icon_twitter.png]
[www.idf.org/type-2-diabetes-risk-assessment/blipire/wp-content/themes/risk-assessment/_/img/icon_linkedin.png]
[www.idf.org/type-2-diabetes-risk-assessment/blipire/wp-content/themes/risk-assessment/_/img/icon_share.png]
[www.idf.org/type-2-diabetes-risk-assessment/blipire/wp-content/themes/risk-assessment/_/img/support_logos_alt.png]
[www.idf.org/type-2-diabetes-risk-assessment/blipire/wp-content/themes/risk-assessment/_/img/icon_flickr.png]
[www.idf.org/type-2-diabetes-risk-assessment/blipire/wp-content/themes/risk-assessment/_/img/icon_youtube.png]
[www.idf.org/type-2-diabetes-risk-assessment/blipire/wp-includes/js/wp-embed.min9d3a.js]
[www.idf.org/type-2-diabetes-risk-assessment/blipire/wp-content/themes/risk-assessment/_/js/functions.out.js]
[www.google-analytics.com/analytics.js]
[www.idf.org/type-2-diabetes-risk-assessment/index.html]
[www.idf.org/type-2-diabetes-risk-assessment/blipire/wp-content/themes/risk-assessment/reset.min.css]
[s7.addthis.com/js/300/addthis_widget.js]
[www.idf.org/type-2-diabetes-risk-assessment/blipire/wp-content/themes/risk-assessment/_/img/list_arrow.png]
[www.idf.org/type-2-diabetes-risk-assessment/blipire/wp-content/themes/risk-assessment/style.css]
[www.idf.org/type-2-diabetes-risk-assessment/blipire/xmlrpc.php]
[www.idf.org/type-2-diabetes-risk-assessment/blipire/wp-includes/css/dist/block-library/style.min9d3a.css]
[www.idf.org/type-2-diabetes-risk-assessment/wp-json/wp/v2/pages/270.json]
[www.idf.org/type-2-diabetes-risk-assessment/de/feed/index.html]
[www.idf.org/type-2-diabetes-risk-assessment/wp-json/oembed/1.0/embed9ec2.json]
[www.idf.org/type-2-diabetes-risk-assessment/wp-json/oembed/1.0/embeda3c7]
[www.idf.org/type-2-diabetes-risk-assessment/blipire/wp-content/uploads/2019/08/quiz_start_de.png]
[www.idf.org/type-2-diabetes-risk-assessment/blipire/wp-content/uploads/2019/08/bmi_graphic_de.png]
[www.idf.org/type-2-diabetes-risk-assessment/blipire/wp-content/uploads/2019/08/waist_graphic_de.png]
[www.idf.org/type-2-diabetes-risk-assessment/blipire/wp-content/uploads/2019/08/quiz_results_de.png]
[www.idf.org/type-2-diabetes-risk-assessment/de/index.html]
[www.idf.org/type-2-diabetes-risk-assessment/wp-json/wp/v2/pages/272.json]
[www.idf.org/type-2-diabetes-risk-assessment/po/feed/index.html]
[www.idf.org/type-2-diabetes-risk-assessment/wp-json/oembed/1.0/embed5b30.json]
[www.idf.org/type-2-diabetes-risk-assessment/wp-json/oembed/1.0/embed3e60]
[www.idf.org/type-2-diabetes-risk-assessment/blipire/wp-content/uploads/2019/08/quiz_start_po.png]
[www.idf.org/type-2-diabetes-risk-assessment/blipire/wp-content/uploads/2019/08/bmi_graphic_po.png]
[www.idf.org/type-2-diabetes-risk-assessment/blipire/wp-content/uploads/2019/08/waist_graphic_po.png]
[www.idf.org/type-2-diabetes-risk-assessment/blipire/wp-content/uploads/2019/08/quiz_results_po.png]
[www.idf.org/type-2-diabetes-risk-assessment/po/index.html]
[www.idf.org/type-2-diabetes-risk-assessment/wp-json/wp/v2/pages/306.json]
[www.idf.org/type-2-diabetes-risk-assessment/ko/feed/index.html]
[www.idf.org/type-2-diabetes-risk-assessment/wp-json/oembed/1.0/embed217d.json]
[www.idf.org/type-2-diabetes-risk-assessment/wp-json/oembed/1.0/embedd101]
[www.idf.org/type-2-diabetes-risk-assessment/blipire/wp-content/uploads/2019/08/quiz_start_ko.png]
[www.idf.org/type-2-diabetes-risk-assessment/blipire/wp-content/uploads/2019/08/bmi_graphic_ko.png]
[www.idf.org/type-2-diabetes-risk-assessment/blipire/wp-content/uploads/2019/08/waist_graphic_ko.png]
[www.idf.org/type-2-diabetes-risk-assessment/blipire/wp-content/uploads/2019/08/quiz_results_ko.png]
[www.idf.org/type-2-diabetes-risk-assessment/ko/index.html]
[www.idf.org/type-2-diabetes-risk-assessment/wp-json/wp/v2/pages/173.json]
[www.idf.org/type-2-diabetes-risk-assessment/es/feed/index.html]
[www.idf.org/type-2-diabetes-risk-assessment/wp-json/oembed/1.0/embed09ec.json]
[www.idf.org/type-2-diabetes-risk-assessment/wp-json/oembed/1.0/embed5939]
[www.idf.org/type-2-diabetes-risk-assessment/blipire/wp-content/uploads/2019/06/idf_logos_es.png]
[www.idf.org/type-2-diabetes-risk-assessment/blipire/wp-content/uploads/2019/06/quiz_start_es.png]
[www.idf.org/type-2-diabetes-risk-assessment/blipire/wp-content/uploads/2019/08/bmi_graphic_es.png]
[www.idf.org/type-2-diabetes-risk-assessment/blipire/wp-content/uploads/2019/06/waist_graphic_es.png]
[www.idf.org/type-2-diabetes-risk-assessment/blipire/wp-content/uploads/2019/06/quiz_results_es.png]
[www.idf.org/type-2-diabetes-risk-assessment/es/index.html]
[www.idf.org/type-2-diabetes-risk-assessment/wp-json/wp/v2/pages/254.json]
[www.idf.org/type-2-diabetes-risk-assessment/su/feed/index.html]
[www.idf.org/type-2-diabetes-risk-assessment/wp-json/oembed/1.0/embed7927.json]
[www.idf.org/type-2-diabetes-risk-assessment/wp-json/oembed/1.0/embedc3df]
[www.idf.org/type-2-diabetes-risk-assessment/blipire/wp-content/uploads/2019/08/quiz_start_su.png]
[www.idf.org/type-2-diabetes-risk-assessment/blipire/wp-content/uploads/2019/08/bmi_graphic_su.png]
[www.idf.org/type-2-diabetes-risk-assessment/blipire/wp-content/uploads/2019/08/waidt_graphic_su.png]
[www.idf.org/type-2-diabetes-risk-assessment/blipire/wp-content/uploads/2019/08/quiz_results_su.png]
[www.idf.org/type-2-diabetes-risk-assessment/su/index.html]
[www.idf.org/type-2-diabetes-risk-assessment/wp-json/wp/v2/pages/314.json]
[www.idf.org/type-2-diabetes-risk-assessment/cs/feed/index.html]
[www.idf.org/type-2-diabetes-risk-assessment/wp-json/oembed/1.0/embed1b9b.json]
[www.idf.org/type-2-diabetes-risk-assessment/wp-json/oembed/1.0/embedc09f]
[www.idf.org/type-2-diabetes-risk-assessment/blipire/wp-content/uploads/2019/08/quiz_start_cs.png]
[www.idf.org/type-2-diabetes-risk-assessment/blipire/wp-content/uploads/2019/08/bmi_graphic_cs.png]
[www.idf.org/type-2-diabetes-risk-assessment/blipire/wp-content/uploads/2019/08/waist_graphic_cs.png]
[www.idf.org/type-2-diabetes-risk-assessment/blipire/wp-content/uploads/2019/08/quiz_results_cs.png]
[www.idf.org/type-2-diabetes-risk-assessment/cs/index.html]
[www.idf.org/type-2-diabetes-risk-assessment/wp-json/wp/v2/pages/176.json]
[www.idf.org/type-2-diabetes-risk-assessment/fr/feed/index.html]
[www.idf.org/type-2-diabetes-risk-assessment/wp-json/oembed/1.0/embed02bb.json]
[www.idf.org/type-2-diabetes-risk-assessment/wp-json/oembed/1.0/embed7d5b]
[www.idf.org/type-2-diabetes-risk-assessment/blipire/wp-content/uploads/2019/06/idf_logos_fr.png]
[www.idf.org/type-2-diabetes-risk-assessment/blipire/wp-content/uploads/2019/06/quiz_start_fr.png]
[www.idf.org/type-2-diabetes-risk-assessment/blipire/wp-content/uploads/2019/08/bmi_graphic_fr.png]
[www.idf.org/type-2-diabetes-risk-assessment/blipire/wp-content/uploads/2019/06/waist_graphic_fr.png]
[www.idf.org/type-2-diabetes-risk-assessment/blipire/wp-content/uploads/2019/06/quiz_results_fr.png]
[www.idf.org/type-2-diabetes-risk-assessment/fr/index.html]
[www.idf.org/type-2-diabetes-risk-assessment/wp-json/wp/v2/pages/274.json]
[www.idf.org/type-2-diabetes-risk-assessment/sv/feed/index.html]
[www.idf.org/type-2-diabetes-risk-assessment/wp-json/oembed/1.0/embed09e9.json]
[www.idf.org/type-2-diabetes-risk-assessment/wp-json/oembed/1.0/embed10eb]
[www.idf.org/type-2-diabetes-risk-assessment/blipire/wp-content/uploads/2019/08/quiz_start_sv.png]
[www.idf.org/type-2-diabetes-risk-assessment/blipire/wp-content/uploads/2019/08/bmi_graphic_sv.png]
[www.idf.org/type-2-diabetes-risk-assessment/blipire/wp-content/uploads/2019/08/waist_graphic_sv.png]
[www.idf.org/type-2-diabetes-risk-assessment/blipire/wp-content/uploads/2019/08/quiz_results_sv.png]
[www.idf.org/type-2-diabetes-risk-assessment/sv/index.html]
[www.idf.org/type-2-diabetes-risk-assessment/wp-json/wp/v2/pages/324.json]
[www.idf.org/type-2-diabetes-risk-assessment/ct/feed/index.html]
[www.idf.org/type-2-diabetes-risk-assessment/wp-json/oembed/1.0/embeddcc9.json]
[www.idf.org/type-2-diabetes-risk-assessment/wp-json/oembed/1.0/embedcea4]
[www.idf.org/type-2-diabetes-risk-assessment/blipire/wp-content/uploads/2019/08/quiz_start_ct.png]
[www.idf.org/type-2-diabetes-risk-assessment/blipire/wp-content/uploads/2019/08/bmi_graphic_ct.png]
[www.idf.org/type-2-diabetes-risk-assessment/blipire/wp-content/uploads/2019/08/waist_graphic_ct.png]
[www.idf.org/type-2-diabetes-risk-assessment/blipire/wp-content/uploads/2019/08/quiz_results_ct.png]
[www.idf.org/type-2-diabetes-risk-assessment/ct/index.html]
[www.idf.org/type-2-diabetes-risk-assessment/wp-json/wp/v2/pages/238.json]
[www.idf.org/type-2-diabetes-risk-assessment/it/feed/index.html]
[www.idf.org/type-2-diabetes-risk-assessment/wp-json/oembed/1.0/embed7e14.json]
[www.idf.org/type-2-diabetes-risk-assessment/wp-json/oembed/1.0/embed4acc]
[www.idf.org/type-2-diabetes-risk-assessment/blipire/wp-content/uploads/2019/08/quiz_start_it.png]
[www.idf.org/type-2-diabetes-risk-assessment/blipire/wp-content/uploads/2019/08/bmi_graphic_it.png]
[www.idf.org/type-2-diabetes-risk-assessment/blipire/wp-content/uploads/2019/08/waist_graphic_it.png]
[www.idf.org/type-2-diabetes-risk-assessment/blipire/wp-content/uploads/2019/08/quiz_results_it.png]
[www.idf.org/type-2-diabetes-risk-assessment/it/index.html]
[www.idf.org/type-2-diabetes-risk-assessment/wp-json/wp/v2/pages/292.json]
[www.idf.org/type-2-diabetes-risk-assessment/jp/feed/index.html]
[www.idf.org/type-2-diabetes-risk-assessment/wp-json/oembed/1.0/embedb586.json]
[www.idf.org/type-2-diabetes-risk-assessment/wp-json/oembed/1.0/embed407d]
[www.idf.org/type-2-diabetes-risk-assessment/blipire/wp-content/uploads/2019/08/quiz_start_jp.png]
[www.idf.org/type-2-diabetes-risk-assessment/blipire/wp-content/uploads/2019/08/bmi_graphic_jp.png]
[www.idf.org/type-2-diabetes-risk-assessment/blipire/wp-content/uploads/2019/08/waist_graphic_jp.png]
[www.idf.org/type-2-diabetes-risk-assessment/blipire/wp-content/uploads/2019/08/quiz_results_jp.png]
[www.idf.org/type-2-diabetes-risk-assessment/jp/index.html]
[www.idf.org/type-2-diabetes-risk-assessment/blipire/wp-content/themes/risk-assessment/_/img/quiz_start.svg]
[www.idf.org/type-2-diabetes-risk-assessment/blipire/wp-content/themes/risk-assessment/_/img/age_graphic.svg]
[www.idf.org/type-2-diabetes-risk-assessment/blipire/wp-content/themes/risk-assessment/_/img/bmi_graphic.svg]
[www.idf.org/type-2-diabetes-risk-assessment/blipire/wp-content/themes/risk-assessment/_/img/waist_graphic.svg]
[www.idf.org/type-2-diabetes-risk-assessment/blipire/wp-content/themes/risk-assessment/_/img/activity_graphic.svg]
[www.idf.org/type-2-diabetes-risk-assessment/blipire/wp-content/themes/risk-assessment/_/img/diet_graphic.svg]
[www.idf.org/type-2-diabetes-risk-assessment/blipire/wp-content/themes/risk-assessment/_/img/blood_pressure_graphic.svg]
[www.idf.org/type-2-diabetes-risk-assessment/blipire/wp-content/themes/risk-assessment/_/img/blood_glucose_graphic.svg]
[www.idf.org/type-2-diabetes-risk-assessment/blipire/wp-content/themes/risk-assessment/_/img/family_graphic.svg]
[www.idf.org/type-2-diabetes-risk-assessment/blipire/wp-content/themes/risk-assessment/_/img/quiz_results.svg]
[www.idf.org/type-2-diabetes-risk-assessment/blipire/wp-content/themes/risk-assessment/_/fonts/gen-basic-webfont.html]
[www.idf.org/type-2-diabetes-risk-assessment/blipire/wp-content/themes/risk-assessment/_/fonts/gen-basic-webfontd41d.html]
[www.idf.org/type-2-diabetes-risk-assessment/blipire/wp-content/themes/risk-assessment/_/fonts/gen-basic-webfont-2.html]
[www.idf.org/type-2-diabetes-risk-assessment/blipire/wp-content/themes/risk-assessment/_/fonts/gen-basic-webfont-3.html]
[www.idf.org/type-2-diabetes-risk-assessment/blipire/wp-content/themes/risk-assessment/_/fonts/gen-basic-webfont-4.html]
[www.idf.org/type-2-diabetes-risk-assessment/index5295.html]
[www.idf.org/type-2-diabetes-risk-assessment/indexcde3.html]
[www.idf.org/type-2-diabetes-risk-assessment/indexf167.html]
[www.idf.org/type-2-diabetes-risk-assessment/indexec4a.html]
[www.idf.org/type-2-diabetes-risk-assessment/index6233.html]
[www.idf.org/type-2-diabetes-risk-assessment/index1031.html]
[www.idf.org/type-2-diabetes-risk-assessment/index3440.html]
[www.idf.org/type-2-diabetes-risk-assessment/indexd251.html]
[www.idf.org/type-2-diabetes-risk-assessment/indexf47a.html]
[www.idf.org/type-2-diabetes-risk-assessment/index3dc6.html]
[www.idf.org/type-2-diabetes-risk-assessment/index2af5.html]
